###############################################################################
#
# IAR ELF Linker V9.30.1.335/W64 for ARM                  26/Jun/2024  15:30:06
# Copyright 2007-2022 IAR Systems AB.
#
#    Output file  =
#        D:\Work\Electronic\ARM\Simple_Macropad\Simple_MacroPad\Firmware\EWARM\Firmware\Exe\Firmware.out
#    Map file     =
#        D:\Work\Electronic\ARM\Simple_Macropad\Simple_MacroPad\Firmware\EWARM\Firmware\List\Firmware.map
#    Command line =
#        -f
#        D:\Work\Electronic\ARM\Simple_Macropad\Simple_MacroPad\Firmware\EWARM\Firmware\Exe\Firmware.out.rsp
#        (D:\Work\Electronic\ARM\Simple_Macropad\Simple_MacroPad\Firmware\EWARM\Firmware\Obj\Application\User\Core\fonts.o
#        D:\Work\Electronic\ARM\Simple_Macropad\Simple_MacroPad\Firmware\EWARM\Firmware\Obj\Application\User\Core\main.o
#        D:\Work\Electronic\ARM\Simple_Macropad\Simple_MacroPad\Firmware\EWARM\Firmware\Obj\Application\User\Core\ssd1306.o
#        D:\Work\Electronic\ARM\Simple_Macropad\Simple_MacroPad\Firmware\EWARM\Firmware\Obj\Application\EWARM\startup_stm32f103xb.o
#        D:\Work\Electronic\ARM\Simple_Macropad\Simple_MacroPad\Firmware\EWARM\Firmware\Obj\Drivers\STM32F1xx_HAL_Driver\stm32f1xx_hal.o
#        D:\Work\Electronic\ARM\Simple_Macropad\Simple_MacroPad\Firmware\EWARM\Firmware\Obj\Drivers\STM32F1xx_HAL_Driver\stm32f1xx_hal_cortex.o
#        D:\Work\Electronic\ARM\Simple_Macropad\Simple_MacroPad\Firmware\EWARM\Firmware\Obj\Drivers\STM32F1xx_HAL_Driver\stm32f1xx_hal_dma.o
#        D:\Work\Electronic\ARM\Simple_Macropad\Simple_MacroPad\Firmware\EWARM\Firmware\Obj\Drivers\STM32F1xx_HAL_Driver\stm32f1xx_hal_exti.o
#        D:\Work\Electronic\ARM\Simple_Macropad\Simple_MacroPad\Firmware\EWARM\Firmware\Obj\Drivers\STM32F1xx_HAL_Driver\stm32f1xx_hal_flash.o
#        D:\Work\Electronic\ARM\Simple_Macropad\Simple_MacroPad\Firmware\EWARM\Firmware\Obj\Drivers\STM32F1xx_HAL_Driver\stm32f1xx_hal_flash_ex.o
#        D:\Work\Electronic\ARM\Simple_Macropad\Simple_MacroPad\Firmware\EWARM\Firmware\Obj\Drivers\STM32F1xx_HAL_Driver\stm32f1xx_hal_gpio.o
#        D:\Work\Electronic\ARM\Simple_Macropad\Simple_MacroPad\Firmware\EWARM\Firmware\Obj\Drivers\STM32F1xx_HAL_Driver\stm32f1xx_hal_gpio_ex.o
#        D:\Work\Electronic\ARM\Simple_Macropad\Simple_MacroPad\Firmware\EWARM\Firmware\Obj\Drivers\STM32F1xx_HAL_Driver\stm32f1xx_hal_i2c.o
#        D:\Work\Electronic\ARM\Simple_Macropad\Simple_MacroPad\Firmware\EWARM\Firmware\Obj\Application\User\Core\stm32f1xx_hal_msp.o
#        D:\Work\Electronic\ARM\Simple_Macropad\Simple_MacroPad\Firmware\EWARM\Firmware\Obj\Drivers\STM32F1xx_HAL_Driver\stm32f1xx_hal_pwr.o
#        D:\Work\Electronic\ARM\Simple_Macropad\Simple_MacroPad\Firmware\EWARM\Firmware\Obj\Drivers\STM32F1xx_HAL_Driver\stm32f1xx_hal_rcc.o
#        D:\Work\Electronic\ARM\Simple_Macropad\Simple_MacroPad\Firmware\EWARM\Firmware\Obj\Drivers\STM32F1xx_HAL_Driver\stm32f1xx_hal_rcc_ex.o
#        D:\Work\Electronic\ARM\Simple_Macropad\Simple_MacroPad\Firmware\EWARM\Firmware\Obj\Drivers\STM32F1xx_HAL_Driver\stm32f1xx_hal_tim.o
#        D:\Work\Electronic\ARM\Simple_Macropad\Simple_MacroPad\Firmware\EWARM\Firmware\Obj\Drivers\STM32F1xx_HAL_Driver\stm32f1xx_hal_tim_ex.o
#        D:\Work\Electronic\ARM\Simple_Macropad\Simple_MacroPad\Firmware\EWARM\Firmware\Obj\Drivers\STM32F1xx_HAL_Driver\stm32f1xx_hal_uart.o
#        D:\Work\Electronic\ARM\Simple_Macropad\Simple_MacroPad\Firmware\EWARM\Firmware\Obj\Application\User\Core\stm32f1xx_it.o
#        D:\Work\Electronic\ARM\Simple_Macropad\Simple_MacroPad\Firmware\EWARM\Firmware\Obj\Drivers\CMSIS\system_stm32f1xx.o
#        D:\Work\Electronic\ARM\Simple_Macropad\Simple_MacroPad\Firmware\EWARM\Firmware\Obj\Application\User\Core\test.o
#        --no_out_extension -o
#        D:\Work\Electronic\ARM\Simple_Macropad\Simple_MacroPad\Firmware\EWARM\Firmware\Exe\Firmware.out
#        --redirect _Printf=_PrintfFullNoMb --redirect _Scanf=_ScanfFullNoMb
#        --map
#        D:\Work\Electronic\ARM\Simple_Macropad\Simple_MacroPad\Firmware\EWARM\Firmware\List\Firmware.map
#        --config
#        D:\Work\Electronic\ARM\Simple_Macropad\Simple_MacroPad\Firmware\EWARM/stm32f103xb_flash.icf
#        --semihosting --entry __iar_program_start --vfe --text_out locale
#        --cpu=Cortex-M3 --fpu=None)
#
###############################################################################

*******************************************************************************
*** RUNTIME MODEL ATTRIBUTES
***

CppFlavor       = *
__CPP_Runtime   = 1
__SystemLibrary = DLib
__dlib_version  = 6


*******************************************************************************
*** HEAP SELECTION
***

The basic heap was selected because --advanced_heap
was not specified and the application did not appear to
be primarily optimized for speed.


*******************************************************************************
*** PLACEMENT SUMMARY
***

"A0":  place at address 0x800'0000 { ro section .intvec };
"P1":  place in [from 0x800'0000 to 0x801'ffff] { ro };
define block CSTACK with size = 1K, alignment = 8 { };
define block HEAP with size = 512, alignment = 8 { };
"P2":  place in [from 0x2000'0000 to 0x2000'4fff] {
          rw, block CSTACK, block HEAP };
initialize by copy { rw };

  Section            Kind         Address    Size  Object
  -------            ----         -------    ----  ------
"A0":                                        0xec
  .intvec            ro code   0x800'0000    0xec  startup_stm32f103xb.o [1]
                             - 0x800'00ec    0xec

"P1":                                      0x42bc
  .text              ro code   0x800'00ec   0xeaa  xprintffull_nomb.o [5]
  .text              ro code   0x800'0f96    0x2a  copy_init3.o [7]
  .text              ro code   0x800'0fc0    0x16  strchr.o [7]
  .text              ro code   0x800'0fd6     0xa  xsprout.o [5]
  .text              ro code   0x800'0fe0    0x40  xfail_s.o [5]
  .text              ro code   0x800'1020    0x14  strlen_small.o [7]
  .text              ro code   0x800'1034    0x58  memchr.o [7]
  .text              ro code   0x800'108c    0xa6  ABImemcpy.o [7]
  .rodata            const     0x800'1132     0x2  xlocale_c.o [5]
  .text              ro code   0x800'1134    0x70  frexp.o [6]
  .text              ro code   0x800'11a4    0x34  DblCmpLe.o [6]
  .text              ro code   0x800'11d8    0x34  DblCmpGe.o [6]
  .text              ro code   0x800'120c   0x13a  ldexp.o [6]
  .rodata            const     0x800'1346     0x1  xlocale_c.o [5]
  .text              ro code   0x800'1348    0x36  DblToS32.o [6]
  .text              ro code   0x800'1380    0x22  S32ToDbl.o [6]
  .text              ro code   0x800'13a4   0x24e  DblAddSub.o [6]
  .text              ro code   0x800'15f4   0x246  DblDiv.o [6]
  .text              ro code   0x800'183c    0x22  DblToU32.o [6]
  .text              ro code   0x800'1860    0x1c  U32ToDbl.o [6]
  .text              ro code   0x800'187c   0x1aa  DblMul.o [6]
  .text              ro code   0x800'1a28     0x8  xlocale_c.o [5]
  .text              ro code   0x800'1a30   0x230  I64DivMod.o [7]
  .text              ro code   0x800'1c60     0x6  abort.o [5]
  .text              ro code   0x800'1c68     0x2  I64DivZer.o [7]
  .text              ro code   0x800'1c6c    0x14  exit.o [8]
  .rodata            const     0x800'1c80   0x76c  fonts.o [2]
  .text              ro code   0x800'23ec   0x61a  stm32f1xx_hal_i2c.o [4]
  .text              ro code   0x800'2a08   0x130  stm32f1xx_hal_msp.o [2]
  .text              ro code   0x800'2b38   0x4be  stm32f1xx_hal_rcc.o [4]
  .text              ro code   0x800'2ff8     0xc  stm32f1xx_hal.o [4]
  .text              ro code   0x800'3004    0x14  memset.o [7]
  .text              ro code   0x800'3018   0x1e8  stm32f1xx_hal_gpio.o [4]
  .text              ro code   0x800'3200    0x40  stm32f1xx_hal.o [4]
  .text              ro code   0x800'3240    0x66  ABImemset.o [7]
  .text              ro code   0x800'32a8    0xa8  stm32f1xx_hal_cortex.o [4]
  .text              ro code   0x800'3350   0x440  main.o [2]
  .text              ro code   0x800'3790    0x24  stm32f1xx_hal.o [4]
  .text              ro code   0x800'37b4   0x214  stm32f1xx_hal_uart.o [4]
  .text              ro code   0x800'39c8   0x314  ssd1306.o [2]
  .text              ro code   0x800'3cdc    0x28  stm32f1xx_hal.o [4]
  .text              ro code   0x800'3d04    0x40  sprintf.o [5]
  .text              ro code   0x800'3d44     0x6  ABImemclr4.o [7]
  .text              ro code   0x800'3d4c    0x3a  ABImemset48.o [7]
  .rodata            const     0x800'3d88   0x400  main.o [2]
  Initializer bytes  const     0x800'4188    0x50  <for P2-1>
  .text              ro code   0x800'41d8    0x38  zero_init3.o [7]
  .text              ro code   0x800'4210    0x28  data_init.o [7]
  .iar.init_table    const     0x800'4238    0x24  - Linker created -
  .text              ro code   0x800'425c    0x1e  cmain.o [7]
  .text              ro code   0x800'427a     0x4  low_level_init.o [5]
  .text              ro code   0x800'427e     0x4  exit.o [5]
  .text              ro code   0x800'4284     0xa  cexit.o [7]
  .text              ro code   0x800'4290    0x1c  cstartup_M.o [7]
  .text              ro code   0x800'42ac    0x14  stm32f1xx_it.o [2]
  .text              ro code   0x800'42c0    0x10  stm32f1xx_hal.o [4]
  .text              ro code   0x800'42d0    0x14  system_stm32f1xx.o [3]
  .text              ro code   0x800'42e4    0x10  startup_stm32f103xb.o [1]
  .rodata            const     0x800'42f4     0x8  system_stm32f1xx.o [3]
  .text              ro code   0x800'42fc     0x4  startup_stm32f103xb.o [1]
  .text              ro code   0x800'4300     0x4  startup_stm32f103xb.o [1]
  .text              ro code   0x800'4304     0x4  startup_stm32f103xb.o [1]
  .text              ro code   0x800'4308     0x4  startup_stm32f103xb.o [1]
  .text              ro code   0x800'430c     0x4  startup_stm32f103xb.o [1]
  .text              ro code   0x800'4310     0x4  startup_stm32f103xb.o [1]
  .text              ro code   0x800'4314     0x4  startup_stm32f103xb.o [1]
  .text              ro code   0x800'4318     0x4  startup_stm32f103xb.o [1]
  .text              ro code   0x800'431c     0x4  startup_stm32f103xb.o [1]
  .text              ro code   0x800'4320     0x4  startup_stm32f103xb.o [1]
  .text              ro code   0x800'4324     0x4  startup_stm32f103xb.o [1]
  .text              ro code   0x800'4328     0x4  startup_stm32f103xb.o [1]
  .text              ro code   0x800'432c     0x4  startup_stm32f103xb.o [1]
  .text              ro code   0x800'4330     0x4  startup_stm32f103xb.o [1]
  .text              ro code   0x800'4334     0x4  startup_stm32f103xb.o [1]
  .text              ro code   0x800'4338     0x4  startup_stm32f103xb.o [1]
  .text              ro code   0x800'433c     0x4  startup_stm32f103xb.o [1]
  .text              ro code   0x800'4340     0x4  startup_stm32f103xb.o [1]
  .text              ro code   0x800'4344     0x4  startup_stm32f103xb.o [1]
  .text              ro code   0x800'4348     0x4  startup_stm32f103xb.o [1]
  .text              ro code   0x800'434c     0x4  startup_stm32f103xb.o [1]
  .text              ro code   0x800'4350     0x4  startup_stm32f103xb.o [1]
  .text              ro code   0x800'4354     0x4  startup_stm32f103xb.o [1]
  .text              ro code   0x800'4358     0x4  startup_stm32f103xb.o [1]
  .text              ro code   0x800'435c     0x4  startup_stm32f103xb.o [1]
  .text              ro code   0x800'4360     0x4  startup_stm32f103xb.o [1]
  .text              ro code   0x800'4364     0x4  startup_stm32f103xb.o [1]
  .text              ro code   0x800'4368     0x4  startup_stm32f103xb.o [1]
  .text              ro code   0x800'436c     0x4  startup_stm32f103xb.o [1]
  .text              ro code   0x800'4370     0x4  startup_stm32f103xb.o [1]
  .text              ro code   0x800'4374     0x4  startup_stm32f103xb.o [1]
  .text              ro code   0x800'4378     0x4  startup_stm32f103xb.o [1]
  .text              ro code   0x800'437c     0x4  startup_stm32f103xb.o [1]
  .text              ro code   0x800'4380     0x4  startup_stm32f103xb.o [1]
  .text              ro code   0x800'4384     0x4  startup_stm32f103xb.o [1]
  .text              ro code   0x800'4388     0x4  startup_stm32f103xb.o [1]
  .text              ro code   0x800'438c     0x4  startup_stm32f103xb.o [1]
  .text              ro code   0x800'4390     0x4  startup_stm32f103xb.o [1]
  .text              ro code   0x800'4394     0x4  startup_stm32f103xb.o [1]
  .text              ro code   0x800'4398     0x4  startup_stm32f103xb.o [1]
  .text              ro code   0x800'439c     0x4  startup_stm32f103xb.o [1]
  .text              ro code   0x800'43a0     0x4  startup_stm32f103xb.o [1]
  .text              ro code   0x800'43a4     0x4  startup_stm32f103xb.o [1]
  .rodata            const     0x800'43a8     0x0  zero_init3.o [7]
  .rodata            const     0x800'43a8     0x0  copy_init3.o [7]
                             - 0x800'43a8  0x42bc

"P2", part 1 of 3:                           0x50
  P2-1                        0x2000'0000    0x50  <Init block>
    .data            inited   0x2000'0000     0x8  fonts.o [2]
    .data            inited   0x2000'0008     0xc  stm32f1xx_hal.o [4]
    .data            inited   0x2000'0014     0x4  system_stm32f1xx.o [3]
    .data            inited   0x2000'0018    0x38  xlocale_c.o [5]
                            - 0x2000'0050    0x50

"P2", part 2 of 3:                          0x4ac
  .bss               zero     0x2000'0050   0x400  ssd1306.o [2]
  .bss               zero     0x2000'0450    0x9e  main.o [2]
  .bss               zero     0x2000'04f0     0x8  ssd1306.o [2]
  .bss               zero     0x2000'04f8     0x4  xfail_s.o [5]
                            - 0x2000'04fc   0x4ac

"P2", part 3 of 3:                          0x400
  CSTACK                      0x2000'0500   0x400  <Block>
    CSTACK           uninit   0x2000'0500   0x400  <Block tail>
                            - 0x2000'0900   0x400

Unused ranges:

         From           To      Size
         ----           --      ----
   0x800'43a8   0x801'ffff  0x1'bc58
  0x2000'04fc  0x2000'04ff       0x4
  0x2000'0900  0x2000'4fff    0x4700


*******************************************************************************
*** INIT TABLE
***

          Address      Size
          -------      ----
Zero (__iar_zero_init3)
    1 destination range, total size 0x4ac:
          0x2000'0050  0x4ac

Copy (__iar_copy_init3)
    1 source range, total size 0x50:
           0x800'4188   0x50
    1 destination range, total size 0x50:
          0x2000'0000   0x50



*******************************************************************************
*** MODULE SUMMARY
***

    Module                  ro code  ro data  rw data
    ------                  -------  -------  -------
command line/config:
    -------------------------------------------------
    Total:

D:\Work\Electronic\ARM\Simple_Macropad\Simple_MacroPad\Firmware\EWARM\Firmware\Obj\Application\EWARM: [1]
    startup_stm32f103xb.o       424
    -------------------------------------------------
    Total:                      424

D:\Work\Electronic\ARM\Simple_Macropad\Simple_MacroPad\Firmware\EWARM\Firmware\Obj\Application\User\Core: [2]
    fonts.o                            1'908        8
    main.o                    1'088    1'024      158
    ssd1306.o                   788             1'032
    stm32f1xx_hal_msp.o         304
    stm32f1xx_it.o               20
    -------------------------------------------------
    Total:                    2'200    2'932    1'198

D:\Work\Electronic\ARM\Simple_Macropad\Simple_MacroPad\Firmware\EWARM\Firmware\Obj\Drivers\CMSIS: [3]
    system_stm32f1xx.o           20       12        4
    -------------------------------------------------
    Total:                       20       12        4

D:\Work\Electronic\ARM\Simple_Macropad\Simple_MacroPad\Firmware\EWARM\Firmware\Obj\Drivers\STM32F1xx_HAL_Driver: [4]
    stm32f1xx_hal.o             168       12       12
    stm32f1xx_hal_cortex.o      168
    stm32f1xx_hal_gpio.o        488
    stm32f1xx_hal_i2c.o       1'562
    stm32f1xx_hal_rcc.o       1'214
    stm32f1xx_hal_uart.o        532
    -------------------------------------------------
    Total:                    4'132       12       12

dl7M_tlf.a: [5]
    abort.o                       6
    exit.o                        4
    low_level_init.o              4
    sprintf.o                    64
    xfail_s.o                    64                 4
    xlocale_c.o                   8       59       56
    xprintffull_nomb.o        3'754
    xsprout.o                    10
    -------------------------------------------------
    Total:                    3'914       59       60

m7M_tl.a: [6]
    DblAddSub.o                 590
    DblCmpGe.o                   52
    DblCmpLe.o                   52
    DblDiv.o                    582
    DblMul.o                    426
    DblToS32.o                   54
    DblToU32.o                   34
    S32ToDbl.o                   34
    U32ToDbl.o                   28
    frexp.o                     112
    ldexp.o                     314
    -------------------------------------------------
    Total:                    2'278

rt7M_tl.a: [7]
    ABImemclr4.o                  6
    ABImemcpy.o                 166
    ABImemset.o                 102
    ABImemset48.o                58
    I64DivMod.o                 560
    I64DivZer.o                   2
    cexit.o                      10
    cmain.o                      30
    copy_init3.o                 42
    cstartup_M.o                 28
    data_init.o                  40
    memchr.o                     88
    memset.o                     20
    strchr.o                     22
    strlen_small.o               20
    zero_init3.o                 56
    -------------------------------------------------
    Total:                    1'250

shb_l.a: [8]
    exit.o                       20
    -------------------------------------------------
    Total:                       20

    Gaps                         29        2        2
    Linker created                        36    1'024
-----------------------------------------------------
    Grand Total:             14'267    3'053    2'300


*******************************************************************************
*** ENTRY LIST
***

Entry                       Address   Size  Type      Object
-----                       -------   ----  ----      ------
.iar.init_table$$Base    0x800'4238          --   Gb  - Linker created -
.iar.init_table$$Limit   0x800'425c          --   Gb  - Linker created -
?main                    0x800'425d         Code  Gb  cmain.o [7]
ADC1_2_IRQHandler        0x800'4345         Code  Wk  startup_stm32f103xb.o [1]
AHBPrescTable            0x800'42d4   0x10  Data  Gb  system_stm32f1xx.o [3]
APBPrescTable            0x800'42f4    0x8  Data  Gb  system_stm32f1xx.o [3]
BusFault_Handler         0x800'42b3    0x2  Code  Gb  stm32f1xx_it.o [2]
CAN1_RX1_IRQHandler      0x800'4351         Code  Wk  startup_stm32f103xb.o [1]
CAN1_SCE_IRQHandler      0x800'4355         Code  Wk  startup_stm32f103xb.o [1]
CSTACK$$Base            0x2000'0500          --   Gb  - Linker created -
CSTACK$$Limit           0x2000'0900          --   Gb  - Linker created -
DMA1_Channel1_IRQHandler
                         0x800'4329         Code  Wk  startup_stm32f103xb.o [1]
DMA1_Channel2_IRQHandler
                         0x800'432d         Code  Wk  startup_stm32f103xb.o [1]
DMA1_Channel3_IRQHandler
                         0x800'4331         Code  Wk  startup_stm32f103xb.o [1]
DMA1_Channel4_IRQHandler
                         0x800'4335         Code  Wk  startup_stm32f103xb.o [1]
DMA1_Channel5_IRQHandler
                         0x800'4339         Code  Wk  startup_stm32f103xb.o [1]
DMA1_Channel6_IRQHandler
                         0x800'433d         Code  Wk  startup_stm32f103xb.o [1]
DMA1_Channel7_IRQHandler
                         0x800'4341         Code  Wk  startup_stm32f103xb.o [1]
DebugMon_Handler         0x800'42b9    0x2  Code  Gb  stm32f1xx_it.o [2]
EXTI0_IRQHandler         0x800'4315         Code  Wk  startup_stm32f103xb.o [1]
EXTI15_10_IRQHandler     0x800'439d         Code  Wk  startup_stm32f103xb.o [1]
EXTI1_IRQHandler         0x800'4319         Code  Wk  startup_stm32f103xb.o [1]
EXTI2_IRQHandler         0x800'431d         Code  Wk  startup_stm32f103xb.o [1]
EXTI3_IRQHandler         0x800'4321         Code  Wk  startup_stm32f103xb.o [1]
EXTI4_IRQHandler         0x800'4325         Code  Wk  startup_stm32f103xb.o [1]
EXTI9_5_IRQHandler       0x800'4359         Code  Wk  startup_stm32f103xb.o [1]
Error_Handler            0x800'3731    0x4  Code  Gb  main.o [2]
FLASH_IRQHandler         0x800'430d         Code  Wk  startup_stm32f103xb.o [1]
Font7x10                 0x800'1c80  0x76c  Data  Gb  fonts.o [2]
Font_7x10               0x2000'0000    0x8  Data  Gb  fonts.o [2]
HAL_Delay                0x800'3cdd   0x28  Code  Wk  stm32f1xx_hal.o [4]
HAL_GPIO_Init            0x800'3019  0x1a0  Code  Gb  stm32f1xx_hal_gpio.o [4]
HAL_GPIO_ReadPin         0x800'31b9    0xc  Code  Gb  stm32f1xx_hal_gpio.o [4]
HAL_GPIO_WritePin        0x800'31c5    0x8  Code  Gb  stm32f1xx_hal_gpio.o [4]
HAL_GetTick              0x800'2ff9    0xc  Code  Wk  stm32f1xx_hal.o [4]
HAL_I2C_Init             0x800'23ed  0x128  Code  Gb  stm32f1xx_hal_i2c.o [4]
HAL_I2C_IsDeviceReady    0x800'2729  0x116  Code  Gb  stm32f1xx_hal_i2c.o [4]
HAL_I2C_Master_Transmit
                         0x800'2521  0x11a  Code  Gb  stm32f1xx_hal_i2c.o [4]
HAL_I2C_MspInit          0x800'2a43   0x62  Code  Gb  stm32f1xx_hal_msp.o [2]
HAL_IncTick              0x800'42c1   0x10  Code  Wk  stm32f1xx_hal.o [4]
HAL_Init                 0x800'3791   0x20  Code  Gb  stm32f1xx_hal.o [4]
HAL_InitTick             0x800'3201   0x40  Code  Wk  stm32f1xx_hal.o [4]
HAL_MspInit              0x800'2a09   0x3a  Code  Gb  stm32f1xx_hal_msp.o [2]
HAL_NVIC_SetPriority     0x800'32dd   0x3a  Code  Gb  stm32f1xx_hal_cortex.o [4]
HAL_NVIC_SetPriorityGrouping
                         0x800'32c3   0x1a  Code  Gb  stm32f1xx_hal_cortex.o [4]
HAL_RCC_ClockConfig      0x800'2e4d   0xf4  Code  Gb  stm32f1xx_hal_rcc.o [4]
HAL_RCC_GetPCLK1Freq     0x800'2f8f   0x10  Code  Gb  stm32f1xx_hal_rcc.o [4]
HAL_RCC_GetPCLK2Freq     0x800'2f9f    0xe  Code  Gb  stm32f1xx_hal_rcc.o [4]
HAL_RCC_GetSysClockFreq
                         0x800'2f55   0x3a  Code  Gb  stm32f1xx_hal_rcc.o [4]
HAL_RCC_GetSysClockFreq::aPLLMULFactorTable
                         0x800'2fe4   0x10  Data  Lc  stm32f1xx_hal_rcc.o [4]
HAL_RCC_GetSysClockFreq::aPredivFactorTable
                         0x800'2ff4    0x2  Data  Lc  stm32f1xx_hal_rcc.o [4]
HAL_RCC_OscConfig        0x800'2b39  0x30c  Code  Gb  stm32f1xx_hal_rcc.o [4]
HAL_SYSTICK_Config       0x800'3317   0x22  Code  Gb  stm32f1xx_hal_cortex.o [4]
HAL_UART_Init            0x800'37b5   0x1e  Code  Gb  stm32f1xx_hal_uart.o [4]
HAL_UART_MspInit         0x800'2aa5   0x74  Code  Gb  stm32f1xx_hal_msp.o [2]
HAL_UART_Transmit        0x800'382f   0xb0  Code  Gb  stm32f1xx_hal_uart.o [4]
HardFault_Handler        0x800'42af    0x2  Code  Gb  stm32f1xx_it.o [2]
I2C1_ER_IRQHandler       0x800'437d         Code  Wk  startup_stm32f103xb.o [1]
I2C1_EV_IRQHandler       0x800'4379         Code  Wk  startup_stm32f103xb.o [1]
I2C2_ER_IRQHandler       0x800'4385         Code  Wk  startup_stm32f103xb.o [1]
I2C2_EV_IRQHandler       0x800'4381         Code  Wk  startup_stm32f103xb.o [1]
I2C_IsAcknowledgeFailed
                         0x800'29d5   0x32  Code  Lc  stm32f1xx_hal_i2c.o [4]
I2C_WaitOnBTFFlagUntilTimeout
                         0x800'299b   0x3a  Code  Lc  stm32f1xx_hal_i2c.o [4]
I2C_WaitOnFlagUntilTimeout
                         0x800'286f   0x50  Code  Lc  stm32f1xx_hal_i2c.o [4]
I2C_WaitOnMasterAddressFlagUntilTimeout
                         0x800'28bf   0x76  Code  Lc  stm32f1xx_hal_i2c.o [4]
I2C_WaitOnTXEFlagUntilTimeout
                         0x800'2945   0x3a  Code  Lc  stm32f1xx_hal_i2c.o [4]
MemManage_Handler        0x800'42b1    0x2  Code  Gb  stm32f1xx_it.o [2]
NMI_Handler              0x800'42ad    0x2  Code  Gb  stm32f1xx_it.o [2]
PVD_IRQHandler           0x800'4301         Code  Wk  startup_stm32f103xb.o [1]
PendSV_Handler           0x800'42bb    0x2  Code  Gb  stm32f1xx_it.o [2]
RCC_IRQHandler           0x800'4311         Code  Wk  startup_stm32f103xb.o [1]
RTC_Alarm_IRQHandler     0x800'43a1         Code  Wk  startup_stm32f103xb.o [1]
RTC_IRQHandler           0x800'4309         Code  Wk  startup_stm32f103xb.o [1]
Region$$Table$$Base      0x800'4238          --   Gb  - Linker created -
Region$$Table$$Limit     0x800'425c          --   Gb  - Linker created -
Reset_Handler            0x800'42e5         Code  Wk  startup_stm32f103xb.o [1]
SPI1_IRQHandler          0x800'4389         Code  Wk  startup_stm32f103xb.o [1]
SPI2_IRQHandler          0x800'438d         Code  Wk  startup_stm32f103xb.o [1]
SSD1306                 0x2000'04f0    0x8  Data  Lc  ssd1306.o [2]
SSD1306_Buffer          0x2000'0050  0x400  Data  Lc  ssd1306.o [2]
SSD1306_Clear            0x800'3c71    0xe  Code  Gb  ssd1306.o [2]
SSD1306_DrawBitmap       0x800'39c9   0x76  Code  Gb  ssd1306.o [2]
SSD1306_DrawPixel        0x800'3b6d   0x38  Code  Gb  ssd1306.o [2]
SSD1306_Fill             0x800'3b59   0x14  Code  Gb  ssd1306.o [2]
SSD1306_GotoXY           0x800'3bb9    0xa  Code  Gb  ssd1306.o [2]
SSD1306_Init             0x800'3a3f   0xe0  Code  Gb  ssd1306.o [2]
SSD1306_Putc             0x800'3bc3   0x8c  Code  Gb  ssd1306.o [2]
SSD1306_Puts             0x800'3c4f   0x22  Code  Gb  ssd1306.o [2]
SSD1306_UpdateScreen     0x800'3b27   0x32  Code  Gb  ssd1306.o [2]
SVC_Handler              0x800'42b7    0x2  Code  Gb  stm32f1xx_it.o [2]
SysTick_Handler          0x800'42bd    0x4  Code  Gb  stm32f1xx_it.o [2]
SystemClock_Config       0x800'3519   0x4e  Code  Gb  main.o [2]
SystemCoreClock         0x2000'0014    0x4  Data  Gb  system_stm32f1xx.o [3]
SystemInit               0x800'42d1    0x2  Code  Gb  system_stm32f1xx.o [3]
TAMPER_IRQHandler        0x800'4305         Code  Wk  startup_stm32f103xb.o [1]
TIM1_BRK_IRQHandler      0x800'435d         Code  Wk  startup_stm32f103xb.o [1]
TIM1_CC_IRQHandler       0x800'4369         Code  Wk  startup_stm32f103xb.o [1]
TIM1_TRG_COM_IRQHandler
                         0x800'4365         Code  Wk  startup_stm32f103xb.o [1]
TIM1_UP_IRQHandler       0x800'4361         Code  Wk  startup_stm32f103xb.o [1]
TIM2_IRQHandler          0x800'436d         Code  Wk  startup_stm32f103xb.o [1]
TIM3_IRQHandler          0x800'4371         Code  Wk  startup_stm32f103xb.o [1]
TIM4_IRQHandler          0x800'4375         Code  Wk  startup_stm32f103xb.o [1]
UART_SetConfig           0x800'3945   0x78  Code  Lc  stm32f1xx_hal_uart.o [4]
UART_WaitOnFlagUntilTimeout
                         0x800'38df   0x5a  Code  Lc  stm32f1xx_hal_uart.o [4]
USART1_IRQHandler        0x800'4391         Code  Wk  startup_stm32f103xb.o [1]
USART2_IRQHandler        0x800'4395         Code  Wk  startup_stm32f103xb.o [1]
USART3_IRQHandler        0x800'4399         Code  Wk  startup_stm32f103xb.o [1]
USBWakeUp_IRQHandler     0x800'43a5         Code  Wk  startup_stm32f103xb.o [1]
USB_HP_CAN1_TX_IRQHandler
                         0x800'4349         Code  Wk  startup_stm32f103xb.o [1]
USB_LP_CAN1_RX0_IRQHandler
                         0x800'434d         Code  Wk  startup_stm32f103xb.o [1]
UsageFault_Handler       0x800'42b5    0x2  Code  Gb  stm32f1xx_it.o [2]
WWDG_IRQHandler          0x800'42fd         Code  Wk  startup_stm32f103xb.o [1]
_LC                      0x800'00ed    0x6  Code  Lc  xprintffull_nomb.o [5]
_LitobFullNoMb           0x800'0db5  0x114  Code  Lc  xprintffull_nomb.o [5]
_Locale_lconv           0x2000'0018   0x38  Data  Lc  xlocale_c.o [5]
_PrintfFullNoMb          0x800'00f3  0xc92  Code  Gb  xprintffull_nomb.o [5]
_PutcharsFullNoMb        0x800'0f21   0x2e  Code  Lc  xprintffull_nomb.o [5]
_SProut                  0x800'0fd7    0xa  Code  Gb  xsprout.o [5]
__NVIC_SetPriority       0x800'32a9   0x1a  Code  Lc  stm32f1xx_hal_cortex.o [4]
__aeabi_cdcmple          0x800'11a5         Code  Gb  DblCmpLe.o [6]
__aeabi_cdrcmple         0x800'11d9         Code  Gb  DblCmpGe.o [6]
__aeabi_d2iz             0x800'1349         Code  Gb  DblToS32.o [6]
__aeabi_d2uiz            0x800'183d         Code  Gb  DblToU32.o [6]
__aeabi_ddiv             0x800'15f5         Code  Gb  DblDiv.o [6]
__aeabi_dmul             0x800'187d         Code  Gb  DblMul.o [6]
__aeabi_dsub             0x800'1511         Code  Gb  DblAddSub.o [6]
__aeabi_i2d              0x800'1381         Code  Gb  S32ToDbl.o [6]
__aeabi_ldiv0            0x800'1c69         Code  Gb  I64DivZer.o [7]
__aeabi_memclr4          0x800'3d45         Code  Gb  ABImemclr4.o [7]
__aeabi_memcpy           0x800'108d         Code  Gb  ABImemcpy.o [7]
__aeabi_memcpy4          0x800'10ad         Code  Gb  ABImemcpy.o [7]
__aeabi_memcpy8          0x800'10ad         Code  Gb  ABImemcpy.o [7]
__aeabi_memset           0x800'3241         Code  Gb  ABImemset.o [7]
__aeabi_memset4          0x800'3d4d         Code  Gb  ABImemset48.o [7]
__aeabi_memset8          0x800'3d4d         Code  Gb  ABImemset48.o [7]
__aeabi_ui2d             0x800'1861         Code  Gb  U32ToDbl.o [6]
__aeabi_uldivmod         0x800'1a31         Code  Gb  I64DivMod.o [7]
__cmain                  0x800'425d         Code  Gb  cmain.o [7]
__exit                   0x800'1c6d   0x14  Code  Gb  exit.o [8]
__iar_Fail_s             0x800'0fe1   0x1c  Code  Gb  xfail_s.o [5]
__iar_Memchr             0x800'1035         Code  Gb  memchr.o [7]
__iar_Memset             0x800'3241         Code  Gb  ABImemset.o [7]
__iar_Memset4_word       0x800'3d55         Code  Gb  ABImemset48.o [7]
__iar_Memset8_word       0x800'3d55         Code  Gb  ABImemset48.o [7]
__iar_Memset_word        0x800'3249         Code  Gb  ABImemset.o [7]
__iar_Strchr             0x800'0fc1         Code  Gb  strchr.o [7]
__iar_copy_init3         0x800'0f97   0x2a  Code  Gb  copy_init3.o [7]
__iar_data_init3         0x800'4211   0x28  Code  Gb  data_init.o [7]
__iar_frexp              0x800'1141         Code  Gb  frexp.o [6]
__iar_frexp64            0x800'1135         Code  Gb  frexp.o [6]
__iar_frexpl             0x800'1141         Code  Gb  frexp.o [6]
__iar_ldexp64            0x800'120d         Code  Gb  ldexp.o [6]
__iar_program_start      0x800'4291         Code  Gb  cstartup_M.o [7]
__iar_scalbln64          0x800'120d         Code  Gb  ldexp.o [6]
__iar_scalbn64           0x800'120d         Code  Gb  ldexp.o [6]
__iar_small_strlen       0x800'1021         Code  Gb  strlen_small.o [7]
__iar_zero_init3         0x800'41d9   0x38  Code  Gb  zero_init3.o [7]
__low_level_init         0x800'427b    0x4  Code  Gb  low_level_init.o [5]
__vector_table           0x800'0000         Data  Gb  startup_stm32f103xb.o [1]
_call_main               0x800'4269         Code  Gb  cmain.o [7]
_exit                    0x800'4285         Code  Gb  cexit.o [7]
abort                    0x800'1c61    0x6  Code  Gb  abort.o [5]
exit                     0x800'427f    0x4  Code  Gb  exit.o [5]
frexp                    0x800'1135         Code  Gb  frexp.o [6]
frexpl                   0x800'1135         Code  Gb  frexp.o [6]
gard_logo                0x800'3d88  0x400  Data  Gb  main.o [2]
hi2c1                   0x2000'0454   0x54  Data  Gb  main.o [2]
huart1                  0x2000'04a8   0x44  Data  Gb  main.o [2]
key                     0x2000'0450    0x1  Data  Gb  main.o [2]
ldexp                    0x800'120d         Code  Gb  ldexp.o [6]
ldexpl                   0x800'120d         Code  Gb  ldexp.o [6]
len                     0x2000'0451    0x1  Data  Gb  main.o [2]
localeconv               0x800'1a29    0x4  Code  Gb  xlocale_c.o [5]
main                     0x800'3351  0x1c0  Code  Gb  main.o [2]
memchr                   0x800'1035         Code  Gb  memchr.o [7]
memset                   0x800'3005   0x14  Code  Gb  memset.o [7]
read_keypad              0x800'3567  0x192  Code  Gb  main.o [2]
row                     0x2000'0452    0x1  Data  Gb  main.o [2]
scalbln                  0x800'120d         Code  Gb  ldexp.o [6]
scalblnl                 0x800'120d         Code  Gb  ldexp.o [6]
scalbn                   0x800'120d         Code  Gb  ldexp.o [6]
scalbnl                  0x800'120d         Code  Gb  ldexp.o [6]
scale                    0x800'0ec9   0x46  Code  Lc  xprintffull_nomb.o [5]
sec_hand                0x2000'04f8    0x4  Data  Lc  xfail_s.o [5]
sprintf                  0x800'3d05   0x40  Code  Gb  sprintf.o [5]
ssd1306_I2C_Init         0x800'3c7f    0x2  Code  Gb  ssd1306.o [2]
ssd1306_I2C_Write        0x800'3cad   0x18  Code  Gb  ssd1306.o [2]
ssd1306_I2C_WriteMulti   0x800'3c81   0x2c  Code  Gb  ssd1306.o [2]
str                     0x2000'04ec    0x2  Data  Gb  main.o [2]
strchr                   0x800'0fc1         Code  Gb  strchr.o [7]
uwTick                  0x2000'000c    0x4  Data  Gb  stm32f1xx_hal.o [4]
uwTickFreq              0x2000'0008    0x1  Data  Gb  stm32f1xx_hal.o [4]
uwTickPrio              0x2000'0010    0x4  Data  Gb  stm32f1xx_hal.o [4]


[1] = D:\Work\Electronic\ARM\Simple_Macropad\Simple_MacroPad\Firmware\EWARM\Firmware\Obj\Application\EWARM
[2] = D:\Work\Electronic\ARM\Simple_Macropad\Simple_MacroPad\Firmware\EWARM\Firmware\Obj\Application\User\Core
[3] = D:\Work\Electronic\ARM\Simple_Macropad\Simple_MacroPad\Firmware\EWARM\Firmware\Obj\Drivers\CMSIS
[4] = D:\Work\Electronic\ARM\Simple_Macropad\Simple_MacroPad\Firmware\EWARM\Firmware\Obj\Drivers\STM32F1xx_HAL_Driver
[5] = dl7M_tlf.a
[6] = m7M_tl.a
[7] = rt7M_tl.a
[8] = shb_l.a

  14'267 bytes of readonly  code memory
   3'053 bytes of readonly  data memory
   2'300 bytes of readwrite data memory

Errors: none
Warnings: none
